Design Assistant report for SaleTerminal
Wed Jun 09 00:19:02 2021
Quartus Prime Version 20.1.1 Build 720 11/11/2020 SJ Lite Edition


---------------------
; Table of Contents ;
---------------------
  1. Legal Notice
  2. Design Assistant Summary
  3. Parallel Compilation
  4. Design Assistant Settings
  5. Information only Violations
  6. Design Assistant Messages



----------------
; Legal Notice ;
----------------
Copyright (C) 2020  Intel Corporation. All rights reserved.
Your use of Intel Corporation's design tools, logic functions 
and other software and tools, and any partner logic 
functions, and any output files from any of the foregoing 
(including device programming or simulation files), and any 
associated documentation or information are expressly subject 
to the terms and conditions of the Intel Program License 
Subscription Agreement, the Intel Quartus Prime License Agreement,
the Intel FPGA IP License Agreement, or other applicable license
agreement, including, without limitation, that your use is for
the sole purpose of programming logic devices manufactured by
Intel and sold by Intel or its authorized distributors.  Please
refer to the applicable agreement for further details, at
https://fpgasoftware.intel.com/eula.



+-------------------------------------------------------------------------+
; Design Assistant Summary                                                ;
+-----------------------------------+-------------------------------------+
; Design Assistant Status           ; Analyzed - Wed Jun 09 00:19:01 2021 ;
; Revision Name                     ; SaleTerminal                        ;
; Top-level Entity Name             ; VGA_Controller                      ;
; Family                            ; Cyclone V                           ;
; Total Critical Violations         ; 0                                   ;
; Total High Violations             ; 0                                   ;
; Total Medium Violations           ; 0                                   ;
; Total Information only Violations ; 69                                  ;
; - Rule T101                       ; 19                                  ;
; - Rule T102                       ; 50                                  ;
+-----------------------------------+-------------------------------------+


+------------------------------------------+
; Parallel Compilation                     ;
+----------------------------+-------------+
; Processors                 ; Number      ;
+----------------------------+-------------+
; Number detected on machine ; 8           ;
; Maximum allowed            ; 4           ;
;                            ;             ;
; Average used               ; 1.00        ;
; Maximum used               ; 3           ;
;                            ;             ;
; Usage by Processor         ; % Time Used ;
;     Processor 1            ; 100.0%      ;
;     Processor 2            ;   0.1%      ;
;     Processor 3            ;   0.0%      ;
+----------------------------+-------------+


+------------------------------------------------------------------------------------------------------------------------------------------------------------------------------------------+
; Design Assistant Settings                                                                                                                                                                ;
+----------------------------------------------------------------------------------------------------------------------------------------------------------------------+--------------+----+
; Option                                                                                                                                                               ; Setting      ; To ;
+----------------------------------------------------------------------------------------------------------------------------------------------------------------------+--------------+----+
; Design Assistant mode                                                                                                                                                ; Post-Fitting ;    ;
; Threshold value for clock net not mapped to clock spines rule                                                                                                        ; 25           ;    ;
; Minimum number of clock port feed by gated clocks                                                                                                                    ; 30           ;    ;
; Minimum number of node fan-out                                                                                                                                       ; 30           ;    ;
; Maximum number of nodes to report                                                                                                                                    ; 50           ;    ;
; Rule C101: Gated clock should be implemented according to the Intel FPGA standard scheme                                                                             ; On           ;    ;
; Rule C102: Logic cell should not be used to generate an inverted clock signal                                                                                        ; On           ;    ;
; Rule C103: Gated clock does not feed at least a pre-defined number of clock ports to effectively save power                                                          ; On           ;    ;
; Rule C104: Clock signal source should drive only clock input ports                                                                                                   ; On           ;    ;
; Rule C105: Clock signal should be a global signal                                                                                                                    ; On           ;    ;
; Rule C106: Clock signal source should not drive registers triggered by different clock edges                                                                         ; On           ;    ;
; Rule R101: Combinational logic used as a reset signal should be synchronized                                                                                         ; On           ;    ;
; Rule R102: External reset signals should be synchronized using two cascaded registers                                                                                ; On           ;    ;
; Rule R103: External reset signal should be correctly synchronized                                                                                                    ; On           ;    ;
; Rule R104: The reset signal that is generated in one clock domain and used in another clock domain should be correctly synchronized                                  ; On           ;    ;
; Rule R105: The reset signal that is generated in one clock domain and used in another clock domain should be synchronized                                            ; On           ;    ;
; Rule T101: Nodes with more than the specified number of fan-outs                                                                                                     ; On           ;    ;
; Rule T102: Top nodes with the highest number of fan-outs                                                                                                             ; On           ;    ;
; Rule A101: Design should not contain combinational loops                                                                                                             ; On           ;    ;
; Rule A102: Register output should not drive its own control signal directly or through combinational logic                                                           ; On           ;    ;
; Rule A103: Design should not contain delay chains                                                                                                                    ; On           ;    ;
; Rule A104: Design should not contain ripple clock structures                                                                                                         ; On           ;    ;
; Rule A105: Pulses should not be implemented asynchronously                                                                                                           ; On           ;    ;
; Rule A106: Multiple pulses should not be generated in design                                                                                                         ; On           ;    ;
; Rule A107: Design should not contain SR latches                                                                                                                      ; On           ;    ;
; Rule A108: Design should not contain latches                                                                                                                         ; On           ;    ;
; Rule S101: Output enable and input of the same tri-state node should not be driven by same signal source                                                             ; On           ;    ;
; Rule S102: Synchronous port and asynchronous port of the same register should not be driven by the same signal source                                                ; On           ;    ;
; Rule S103: More than one asynchronous port of a register should not be driven by the same signal source                                                              ; On           ;    ;
; Rule S104: Clock port and any other port of a register should not be driven by the same signal source                                                                ; On           ;    ;
; Rule D101: Data bits are not synchronized when transferred between asynchronous clock domains                                                                        ; On           ;    ;
; Rule D102: Multiple data bits that are transferred across asynchronous clock domains are synchronized, but not all bits may be aligned in the receiving clock domain ; On           ;    ;
; Rule D103: Data bits are not correctly synchronized when transferred between asynchronous clock domains                                                              ; On           ;    ;
+----------------------------------------------------------------------------------------------------------------------------------------------------------------------+--------------+----+


+--------------------------------------------------------------------------------------------------------------------------------------------------------------------------------------------------------------+
; Information only Violations                                                                                                                                                                                  ;
+------------------------------------------------------------------+---------------------------------------------------------------------------------------------------------------------------------+---------+
; Rule name                                                        ; Name                                                                                                                            ; Fan-Out ;
+------------------------------------------------------------------+---------------------------------------------------------------------------------------------------------------------------------+---------+
; Rule T101: Nodes with more than the specified number of fan-outs ; VGA_PLL:VGA_PLL_inst0|VGA_PLL_0002:vga_pll_inst|altera_pll:altera_pll_i|outclk_wire[0]~CLKENA0                                  ; 425     ;
; Rule T101: Nodes with more than the specified number of fan-outs ; HVSync_Generator:HVSync_Generator_inst0|inDisplayArea                                                                           ; 43      ;
; Rule T101: Nodes with more than the specified number of fan-outs ; targetPixelAddr[0]                                                                                                              ; 360     ;
; Rule T101: Nodes with more than the specified number of fan-outs ; targetPixelAddr[6]                                                                                                              ; 360     ;
; Rule T101: Nodes with more than the specified number of fan-outs ; targetPixelAddr[11]~DUPLICATE                                                                                                   ; 92      ;
; Rule T101: Nodes with more than the specified number of fan-outs ; targetPixelAddr[3]                                                                                                              ; 360     ;
; Rule T101: Nodes with more than the specified number of fan-outs ; targetPixelAddr[8]                                                                                                              ; 360     ;
; Rule T101: Nodes with more than the specified number of fan-outs ; targetPixelAddr[2]                                                                                                              ; 360     ;
; Rule T101: Nodes with more than the specified number of fan-outs ; targetPixelAddr[9]                                                                                                              ; 360     ;
; Rule T101: Nodes with more than the specified number of fan-outs ; targetPixelAddr[1]                                                                                                              ; 360     ;
; Rule T101: Nodes with more than the specified number of fan-outs ; targetPixelAddr[7]                                                                                                              ; 360     ;
; Rule T101: Nodes with more than the specified number of fan-outs ; targetPixelAddr[4]                                                                                                              ; 360     ;
; Rule T101: Nodes with more than the specified number of fan-outs ; targetPixelAddr[10]                                                                                                             ; 360     ;
; Rule T101: Nodes with more than the specified number of fan-outs ; targetPixelAddr[5]                                                                                                              ; 360     ;
; Rule T101: Nodes with more than the specified number of fan-outs ; targetPixelAddr[12]                                                                                                             ; 360     ;
; Rule T101: Nodes with more than the specified number of fan-outs ; targetPixelAddr[11]                                                                                                             ; 268     ;
; Rule T101: Nodes with more than the specified number of fan-outs ; ImageROM:ImageROM_inst0|altsyncram:altsyncram_component|altsyncram_s3i1:auto_generated|out_address_reg_a[0]                     ; 96      ;
; Rule T101: Nodes with more than the specified number of fan-outs ; ImageROM:ImageROM_inst0|altsyncram:altsyncram_component|altsyncram_s3i1:auto_generated|out_address_reg_a[1]                     ; 96      ;
; Rule T101: Nodes with more than the specified number of fan-outs ; ImageROM:ImageROM_inst0|altsyncram:altsyncram_component|altsyncram_s3i1:auto_generated|out_address_reg_a[2]~DUPLICATE           ; 46      ;
; Rule T102: Top nodes with the highest number of fan-outs         ; VGA_PLL:VGA_PLL_inst0|VGA_PLL_0002:vga_pll_inst|altera_pll:altera_pll_i|outclk_wire[0]~CLKENA0                                  ; 425     ;
; Rule T102: Top nodes with the highest number of fan-outs         ; targetPixelAddr[1]                                                                                                              ; 360     ;
; Rule T102: Top nodes with the highest number of fan-outs         ; targetPixelAddr[6]                                                                                                              ; 360     ;
; Rule T102: Top nodes with the highest number of fan-outs         ; targetPixelAddr[5]                                                                                                              ; 360     ;
; Rule T102: Top nodes with the highest number of fan-outs         ; targetPixelAddr[0]                                                                                                              ; 360     ;
; Rule T102: Top nodes with the highest number of fan-outs         ; targetPixelAddr[4]                                                                                                              ; 360     ;
; Rule T102: Top nodes with the highest number of fan-outs         ; targetPixelAddr[8]                                                                                                              ; 360     ;
; Rule T102: Top nodes with the highest number of fan-outs         ; targetPixelAddr[10]                                                                                                             ; 360     ;
; Rule T102: Top nodes with the highest number of fan-outs         ; targetPixelAddr[12]                                                                                                             ; 360     ;
; Rule T102: Top nodes with the highest number of fan-outs         ; targetPixelAddr[2]                                                                                                              ; 360     ;
; Rule T102: Top nodes with the highest number of fan-outs         ; targetPixelAddr[9]                                                                                                              ; 360     ;
; Rule T102: Top nodes with the highest number of fan-outs         ; targetPixelAddr[7]                                                                                                              ; 360     ;
; Rule T102: Top nodes with the highest number of fan-outs         ; targetPixelAddr[3]                                                                                                              ; 360     ;
; Rule T102: Top nodes with the highest number of fan-outs         ; targetPixelAddr[11]                                                                                                             ; 268     ;
; Rule T102: Top nodes with the highest number of fan-outs         ; ImageROM:ImageROM_inst0|altsyncram:altsyncram_component|altsyncram_s3i1:auto_generated|out_address_reg_a[1]                     ; 96      ;
; Rule T102: Top nodes with the highest number of fan-outs         ; ImageROM:ImageROM_inst0|altsyncram:altsyncram_component|altsyncram_s3i1:auto_generated|out_address_reg_a[0]                     ; 96      ;
; Rule T102: Top nodes with the highest number of fan-outs         ; targetPixelAddr[11]~DUPLICATE                                                                                                   ; 92      ;
; Rule T102: Top nodes with the highest number of fan-outs         ; ImageROM:ImageROM_inst0|altsyncram:altsyncram_component|altsyncram_s3i1:auto_generated|out_address_reg_a[2]~DUPLICATE           ; 46      ;
; Rule T102: Top nodes with the highest number of fan-outs         ; HVSync_Generator:HVSync_Generator_inst0|inDisplayArea                                                                           ; 43      ;
; Rule T102: Top nodes with the highest number of fan-outs         ; ImageROM:ImageROM_inst0|altsyncram:altsyncram_component|altsyncram_s3i1:auto_generated|out_address_reg_a[3]                     ; 24      ;
; Rule T102: Top nodes with the highest number of fan-outs         ; ImageROM:ImageROM_inst0|altsyncram:altsyncram_component|altsyncram_s3i1:auto_generated|decode_l2a:rden_decode|w_anode1526w[3]~0 ; 24      ;
; Rule T102: Top nodes with the highest number of fan-outs         ; ImageROM:ImageROM_inst0|altsyncram:altsyncram_component|altsyncram_s3i1:auto_generated|decode_l2a:rden_decode|w_anode1496w[3]~0 ; 24      ;
; Rule T102: Top nodes with the highest number of fan-outs         ; ImageROM:ImageROM_inst0|altsyncram:altsyncram_component|altsyncram_s3i1:auto_generated|decode_l2a:rden_decode|w_anode1617w[3]~0 ; 24      ;
; Rule T102: Top nodes with the highest number of fan-outs         ; ImageROM:ImageROM_inst0|altsyncram:altsyncram_component|altsyncram_s3i1:auto_generated|decode_l2a:rden_decode|w_anode1597w[3]~0 ; 24      ;
; Rule T102: Top nodes with the highest number of fan-outs         ; ImageROM:ImageROM_inst0|altsyncram:altsyncram_component|altsyncram_s3i1:auto_generated|decode_l2a:rden_decode|w_anode1577w[3]~0 ; 24      ;
; Rule T102: Top nodes with the highest number of fan-outs         ; ImageROM:ImageROM_inst0|altsyncram:altsyncram_component|altsyncram_s3i1:auto_generated|decode_l2a:rden_decode|w_anode1587w[3]~0 ; 24      ;
; Rule T102: Top nodes with the highest number of fan-outs         ; ImageROM:ImageROM_inst0|altsyncram:altsyncram_component|altsyncram_s3i1:auto_generated|decode_l2a:rden_decode|w_anode1566w[3]~0 ; 24      ;
; Rule T102: Top nodes with the highest number of fan-outs         ; ImageROM:ImageROM_inst0|altsyncram:altsyncram_component|altsyncram_s3i1:auto_generated|decode_l2a:rden_decode|w_anode1627w[3]~0 ; 24      ;
; Rule T102: Top nodes with the highest number of fan-outs         ; ImageROM:ImageROM_inst0|altsyncram:altsyncram_component|altsyncram_s3i1:auto_generated|decode_l2a:rden_decode|w_anode1516w[3]~0 ; 24      ;
; Rule T102: Top nodes with the highest number of fan-outs         ; ImageROM:ImageROM_inst0|altsyncram:altsyncram_component|altsyncram_s3i1:auto_generated|decode_l2a:rden_decode|w_anode1479w[3]   ; 24      ;
; Rule T102: Top nodes with the highest number of fan-outs         ; ImageROM:ImageROM_inst0|altsyncram:altsyncram_component|altsyncram_s3i1:auto_generated|decode_l2a:rden_decode|w_anode1506w[3]~0 ; 24      ;
; Rule T102: Top nodes with the highest number of fan-outs         ; ImageROM:ImageROM_inst0|altsyncram:altsyncram_component|altsyncram_s3i1:auto_generated|decode_l2a:rden_decode|w_anode1546w[3]~0 ; 24      ;
; Rule T102: Top nodes with the highest number of fan-outs         ; ImageROM:ImageROM_inst0|altsyncram:altsyncram_component|altsyncram_s3i1:auto_generated|decode_l2a:rden_decode|w_anode1536w[3]~0 ; 24      ;
; Rule T102: Top nodes with the highest number of fan-outs         ; ImageROM:ImageROM_inst0|altsyncram:altsyncram_component|altsyncram_s3i1:auto_generated|decode_l2a:rden_decode|w_anode1607w[3]~0 ; 24      ;
; Rule T102: Top nodes with the highest number of fan-outs         ; ImageROM:ImageROM_inst0|altsyncram:altsyncram_component|altsyncram_s3i1:auto_generated|decode_l2a:rden_decode|w_anode1556w[3]~0 ; 24      ;
; Rule T102: Top nodes with the highest number of fan-outs         ; targetPixelAddr[16]                                                                                                             ; 16      ;
; Rule T102: Top nodes with the highest number of fan-outs         ; targetPixelAddr[15]                                                                                                             ; 16      ;
; Rule T102: Top nodes with the highest number of fan-outs         ; targetPixelAddr[14]                                                                                                             ; 16      ;
; Rule T102: Top nodes with the highest number of fan-outs         ; targetPixelAddr[13]                                                                                                             ; 16      ;
; Rule T102: Top nodes with the highest number of fan-outs         ; HVSync_Generator:HVSync_Generator_inst0|CounterX[7]                                                                             ; 5       ;
; Rule T102: Top nodes with the highest number of fan-outs         ; HVSync_Generator:HVSync_Generator_inst0|CounterX[5]                                                                             ; 5       ;
; Rule T102: Top nodes with the highest number of fan-outs         ; HVSync_Generator:HVSync_Generator_inst0|CounterX[6]                                                                             ; 4       ;
; Rule T102: Top nodes with the highest number of fan-outs         ; HVSync_Generator:HVSync_Generator_inst0|CounterX[8]                                                                             ; 4       ;
; Rule T102: Top nodes with the highest number of fan-outs         ; HVSync_Generator:HVSync_Generator_inst0|CounterX[4]                                                                             ; 4       ;
; Rule T102: Top nodes with the highest number of fan-outs         ; HVSync_Generator:HVSync_Generator_inst0|CounterX[9]                                                                             ; 4       ;
; Rule T102: Top nodes with the highest number of fan-outs         ; HVSync_Generator:HVSync_Generator_inst0|CounterX[3]                                                                             ; 4       ;
; Rule T102: Top nodes with the highest number of fan-outs         ; HVSync_Generator:HVSync_Generator_inst0|CounterX[1]                                                                             ; 3       ;
; Rule T102: Top nodes with the highest number of fan-outs         ; Add0~61                                                                                                                         ; 2       ;
; Rule T102: Top nodes with the highest number of fan-outs         ; HVSync_Generator:HVSync_Generator_inst0|CounterX[0]~DUPLICATE                                                                   ; 2       ;
; Rule T102: Top nodes with the highest number of fan-outs         ; HVSync_Generator:HVSync_Generator_inst0|CounterX[0]~0                                                                           ; 2       ;
+------------------------------------------------------------------+---------------------------------------------------------------------------------------------------------------------------------+---------+


+---------------------------+
; Design Assistant Messages ;
+---------------------------+
Info: *******************************************************************
Info: Running Quartus Prime Design Assistant
    Info: Version 20.1.1 Build 720 11/11/2020 SJ Lite Edition
    Info: Processing started: Wed Jun 09 00:19:00 2021
Info: Command: quartus_drc SaleTerminal -c SaleTerminal
Warning (18236): Number of processors has not been specified which may cause overloading on shared machines.  Set the global assignment NUM_PARALLEL_PROCESSORS in your QSF to an appropriate value for best performance.
Info (332104): Reading SDC File: 'SaleTerminal.sdc'
Warning (332174): Ignored filter at SaleTerminal.sdc(10): CLOCK2_50 could not be matched with a port File: D:/EE/EE314/Project/QuartusProjectFiles/SaleTerminal.sdc Line: 10
Warning (332049): Ignored create_clock at SaleTerminal.sdc(10): Argument <targets> is an empty collection File: D:/EE/EE314/Project/QuartusProjectFiles/SaleTerminal.sdc Line: 10
    Info (332050): create_clock -period 20 [get_ports CLOCK2_50] File: D:/EE/EE314/Project/QuartusProjectFiles/SaleTerminal.sdc Line: 10
Warning (332174): Ignored filter at SaleTerminal.sdc(11): CLOCK3_50 could not be matched with a port File: D:/EE/EE314/Project/QuartusProjectFiles/SaleTerminal.sdc Line: 11
Warning (332049): Ignored create_clock at SaleTerminal.sdc(11): Argument <targets> is an empty collection File: D:/EE/EE314/Project/QuartusProjectFiles/SaleTerminal.sdc Line: 11
    Info (332050): create_clock -period 20 [get_ports CLOCK3_50] File: D:/EE/EE314/Project/QuartusProjectFiles/SaleTerminal.sdc Line: 11
Warning (332174): Ignored filter at SaleTerminal.sdc(12): CLOCK4_50 could not be matched with a port File: D:/EE/EE314/Project/QuartusProjectFiles/SaleTerminal.sdc Line: 12
Warning (332049): Ignored create_clock at SaleTerminal.sdc(12): Argument <targets> is an empty collection File: D:/EE/EE314/Project/QuartusProjectFiles/SaleTerminal.sdc Line: 12
    Info (332050): create_clock -period 20 [get_ports CLOCK4_50] File: D:/EE/EE314/Project/QuartusProjectFiles/SaleTerminal.sdc Line: 12
Warning (332174): Ignored filter at SaleTerminal.sdc(14): TD_CLK27 could not be matched with a port File: D:/EE/EE314/Project/QuartusProjectFiles/SaleTerminal.sdc Line: 14
Warning (332049): Ignored create_clock at SaleTerminal.sdc(14): Argument <targets> is an empty collection File: D:/EE/EE314/Project/QuartusProjectFiles/SaleTerminal.sdc Line: 14
    Info (332050): create_clock -period "27 MHz"  -name tv_27m [get_ports TD_CLK27] File: D:/EE/EE314/Project/QuartusProjectFiles/SaleTerminal.sdc Line: 14
Warning (332174): Ignored filter at SaleTerminal.sdc(15): DRAM_CLK could not be matched with a port File: D:/EE/EE314/Project/QuartusProjectFiles/SaleTerminal.sdc Line: 15
Warning (332049): Ignored create_clock at SaleTerminal.sdc(15): Argument <targets> is an empty collection File: D:/EE/EE314/Project/QuartusProjectFiles/SaleTerminal.sdc Line: 15
    Info (332050): create_clock -period "100 MHz" -name clk_dram [get_ports DRAM_CLK] File: D:/EE/EE314/Project/QuartusProjectFiles/SaleTerminal.sdc Line: 15
Warning (332174): Ignored filter at SaleTerminal.sdc(22): VGA_CLK could not be matched with a port File: D:/EE/EE314/Project/QuartusProjectFiles/SaleTerminal.sdc Line: 22
Warning (332049): Ignored create_clock at SaleTerminal.sdc(22): Argument <targets> is an empty collection File: D:/EE/EE314/Project/QuartusProjectFiles/SaleTerminal.sdc Line: 22
    Info (332050): create_clock -period "40.0 MHz" -name CLK_VGA [get_ports VGA_CLK] File: D:/EE/EE314/Project/QuartusProjectFiles/SaleTerminal.sdc Line: 22
Info (332110): Deriving PLL clocks
    Info (332110): create_generated_clock -source {VGA_PLL_inst0|vga_pll_inst|altera_pll_i|general[0].gpll~FRACTIONAL_PLL|refclkin} -divide_by 5 -multiply_by 32 -duty_cycle 50.00 -name {VGA_PLL_inst0|vga_pll_inst|altera_pll_i|general[0].gpll~FRACTIONAL_PLL|vcoph[0]} {VGA_PLL_inst0|vga_pll_inst|altera_pll_i|general[0].gpll~FRACTIONAL_PLL|vcoph[0]}
    Info (332110): create_generated_clock -source {VGA_PLL_inst0|vga_pll_inst|altera_pll_i|general[0].gpll~PLL_OUTPUT_COUNTER|vco0ph[0]} -divide_by 8 -duty_cycle 50.00 -name {VGA_PLL_inst0|vga_pll_inst|altera_pll_i|general[0].gpll~PLL_OUTPUT_COUNTER|divclk} {VGA_PLL_inst0|vga_pll_inst|altera_pll_i|general[0].gpll~PLL_OUTPUT_COUNTER|divclk}
Info (332151): Clock uncertainty is not calculated until you update the timing netlist.
Warning (332174): Ignored filter at SaleTerminal.sdc(53): DRAM_DQ* could not be matched with a port File: D:/EE/EE314/Project/QuartusProjectFiles/SaleTerminal.sdc Line: 53
Warning (332174): Ignored filter at SaleTerminal.sdc(53): clk_dram could not be matched with a clock File: D:/EE/EE314/Project/QuartusProjectFiles/SaleTerminal.sdc Line: 53
Warning (332049): Ignored set_input_delay at SaleTerminal.sdc(53): Argument <targets> is an empty collection File: D:/EE/EE314/Project/QuartusProjectFiles/SaleTerminal.sdc Line: 53
    Info (332050): set_input_delay -max -clock clk_dram -0.048 [get_ports DRAM_DQ*] File: D:/EE/EE314/Project/QuartusProjectFiles/SaleTerminal.sdc Line: 53
Warning (332049): Ignored set_input_delay at SaleTerminal.sdc(53): Argument -clock is not an object ID File: D:/EE/EE314/Project/QuartusProjectFiles/SaleTerminal.sdc Line: 53
Warning (332049): Ignored set_input_delay at SaleTerminal.sdc(54): Argument <targets> is an empty collection File: D:/EE/EE314/Project/QuartusProjectFiles/SaleTerminal.sdc Line: 54
    Info (332050): set_input_delay -min -clock clk_dram -0.057 [get_ports DRAM_DQ*] File: D:/EE/EE314/Project/QuartusProjectFiles/SaleTerminal.sdc Line: 54
Warning (332049): Ignored set_input_delay at SaleTerminal.sdc(54): Argument -clock is not an object ID File: D:/EE/EE314/Project/QuartusProjectFiles/SaleTerminal.sdc Line: 54
Warning (332174): Ignored filter at SaleTerminal.sdc(56): TD_DATA* could not be matched with a port File: D:/EE/EE314/Project/QuartusProjectFiles/SaleTerminal.sdc Line: 56
Warning (332174): Ignored filter at SaleTerminal.sdc(56): tv_27m could not be matched with a clock File: D:/EE/EE314/Project/QuartusProjectFiles/SaleTerminal.sdc Line: 56
Warning (332049): Ignored set_input_delay at SaleTerminal.sdc(56): Argument <targets> is an empty collection File: D:/EE/EE314/Project/QuartusProjectFiles/SaleTerminal.sdc Line: 56
    Info (332050): set_input_delay -max -clock tv_27m 3.692 [get_ports TD_DATA*] File: D:/EE/EE314/Project/QuartusProjectFiles/SaleTerminal.sdc Line: 56
Warning (332049): Ignored set_input_delay at SaleTerminal.sdc(56): Argument -clock is not an object ID File: D:/EE/EE314/Project/QuartusProjectFiles/SaleTerminal.sdc Line: 56
Warning (332049): Ignored set_input_delay at SaleTerminal.sdc(57): Argument <targets> is an empty collection File: D:/EE/EE314/Project/QuartusProjectFiles/SaleTerminal.sdc Line: 57
    Info (332050): set_input_delay -min -clock tv_27m 2.492 [get_ports TD_DATA*] File: D:/EE/EE314/Project/QuartusProjectFiles/SaleTerminal.sdc Line: 57
Warning (332049): Ignored set_input_delay at SaleTerminal.sdc(57): Argument -clock is not an object ID File: D:/EE/EE314/Project/QuartusProjectFiles/SaleTerminal.sdc Line: 57
Warning (332174): Ignored filter at SaleTerminal.sdc(58): TD_HS could not be matched with a port File: D:/EE/EE314/Project/QuartusProjectFiles/SaleTerminal.sdc Line: 58
Warning (332049): Ignored set_input_delay at SaleTerminal.sdc(58): Argument <targets> is an empty collection File: D:/EE/EE314/Project/QuartusProjectFiles/SaleTerminal.sdc Line: 58
    Info (332050): set_input_delay -max -clock tv_27m 3.654 [get_ports TD_HS] File: D:/EE/EE314/Project/QuartusProjectFiles/SaleTerminal.sdc Line: 58
Warning (332049): Ignored set_input_delay at SaleTerminal.sdc(58): Argument -clock is not an object ID File: D:/EE/EE314/Project/QuartusProjectFiles/SaleTerminal.sdc Line: 58
Warning (332049): Ignored set_input_delay at SaleTerminal.sdc(59): Argument <targets> is an empty collection File: D:/EE/EE314/Project/QuartusProjectFiles/SaleTerminal.sdc Line: 59
    Info (332050): set_input_delay -min -clock tv_27m 2.454 [get_ports TD_HS] File: D:/EE/EE314/Project/QuartusProjectFiles/SaleTerminal.sdc Line: 59
Warning (332049): Ignored set_input_delay at SaleTerminal.sdc(59): Argument -clock is not an object ID File: D:/EE/EE314/Project/QuartusProjectFiles/SaleTerminal.sdc Line: 59
Warning (332174): Ignored filter at SaleTerminal.sdc(60): TD_VS could not be matched with a port File: D:/EE/EE314/Project/QuartusProjectFiles/SaleTerminal.sdc Line: 60
Warning (332049): Ignored set_input_delay at SaleTerminal.sdc(60): Argument <targets> is an empty collection File: D:/EE/EE314/Project/QuartusProjectFiles/SaleTerminal.sdc Line: 60
    Info (332050): set_input_delay -max -clock tv_27m 3.656 [get_ports TD_VS] File: D:/EE/EE314/Project/QuartusProjectFiles/SaleTerminal.sdc Line: 60
Warning (332049): Ignored set_input_delay at SaleTerminal.sdc(60): Argument -clock is not an object ID File: D:/EE/EE314/Project/QuartusProjectFiles/SaleTerminal.sdc Line: 60
Warning (332049): Ignored set_input_delay at SaleTerminal.sdc(61): Argument <targets> is an empty collection File: D:/EE/EE314/Project/QuartusProjectFiles/SaleTerminal.sdc Line: 61
    Info (332050): set_input_delay -min -clock tv_27m 2.456 [get_ports TD_VS] File: D:/EE/EE314/Project/QuartusProjectFiles/SaleTerminal.sdc Line: 61
Warning (332049): Ignored set_input_delay at SaleTerminal.sdc(61): Argument -clock is not an object ID File: D:/EE/EE314/Project/QuartusProjectFiles/SaleTerminal.sdc Line: 61
Warning (332049): Ignored set_output_delay at SaleTerminal.sdc(68): Argument <targets> is an empty collection File: D:/EE/EE314/Project/QuartusProjectFiles/SaleTerminal.sdc Line: 68
    Info (332050): set_output_delay -max -clock clk_dram 1.452  [get_ports DRAM_DQ*] File: D:/EE/EE314/Project/QuartusProjectFiles/SaleTerminal.sdc Line: 68
Warning (332049): Ignored set_output_delay at SaleTerminal.sdc(68): Argument -clock is not an object ID File: D:/EE/EE314/Project/QuartusProjectFiles/SaleTerminal.sdc Line: 68
Warning (332049): Ignored set_output_delay at SaleTerminal.sdc(69): Argument <targets> is an empty collection File: D:/EE/EE314/Project/QuartusProjectFiles/SaleTerminal.sdc Line: 69
    Info (332050): set_output_delay -min -clock clk_dram -0.857 [get_ports DRAM_DQ*] File: D:/EE/EE314/Project/QuartusProjectFiles/SaleTerminal.sdc Line: 69
Warning (332049): Ignored set_output_delay at SaleTerminal.sdc(69): Argument -clock is not an object ID File: D:/EE/EE314/Project/QuartusProjectFiles/SaleTerminal.sdc Line: 69
Warning (332174): Ignored filter at SaleTerminal.sdc(70): DRAM_ADDR* could not be matched with a port File: D:/EE/EE314/Project/QuartusProjectFiles/SaleTerminal.sdc Line: 70
Warning (332049): Ignored set_output_delay at SaleTerminal.sdc(70): Argument <targets> is an empty collection File: D:/EE/EE314/Project/QuartusProjectFiles/SaleTerminal.sdc Line: 70
    Info (332050): set_output_delay -max -clock clk_dram 1.531 [get_ports DRAM_ADDR*] File: D:/EE/EE314/Project/QuartusProjectFiles/SaleTerminal.sdc Line: 70
Warning (332049): Ignored set_output_delay at SaleTerminal.sdc(70): Argument -clock is not an object ID File: D:/EE/EE314/Project/QuartusProjectFiles/SaleTerminal.sdc Line: 70
Warning (332049): Ignored set_output_delay at SaleTerminal.sdc(71): Argument <targets> is an empty collection File: D:/EE/EE314/Project/QuartusProjectFiles/SaleTerminal.sdc Line: 71
    Info (332050): set_output_delay -min -clock clk_dram -0.805 [get_ports DRAM_ADDR*] File: D:/EE/EE314/Project/QuartusProjectFiles/SaleTerminal.sdc Line: 71
Warning (332049): Ignored set_output_delay at SaleTerminal.sdc(71): Argument -clock is not an object ID File: D:/EE/EE314/Project/QuartusProjectFiles/SaleTerminal.sdc Line: 71
Warning (332174): Ignored filter at SaleTerminal.sdc(72): DRAM_*DQM could not be matched with a port File: D:/EE/EE314/Project/QuartusProjectFiles/SaleTerminal.sdc Line: 72
Warning (332049): Ignored set_output_delay at SaleTerminal.sdc(72): Argument <targets> is an empty collection File: D:/EE/EE314/Project/QuartusProjectFiles/SaleTerminal.sdc Line: 72
    Info (332050): set_output_delay -max -clock clk_dram 1.533  [get_ports DRAM_*DQM] File: D:/EE/EE314/Project/QuartusProjectFiles/SaleTerminal.sdc Line: 72
Warning (332049): Ignored set_output_delay at SaleTerminal.sdc(72): Argument -clock is not an object ID File: D:/EE/EE314/Project/QuartusProjectFiles/SaleTerminal.sdc Line: 72
Warning (332049): Ignored set_output_delay at SaleTerminal.sdc(73): Argument <targets> is an empty collection File: D:/EE/EE314/Project/QuartusProjectFiles/SaleTerminal.sdc Line: 73
    Info (332050): set_output_delay -min -clock clk_dram -0.805 [get_ports DRAM_*DQM] File: D:/EE/EE314/Project/QuartusProjectFiles/SaleTerminal.sdc Line: 73
Warning (332049): Ignored set_output_delay at SaleTerminal.sdc(73): Argument -clock is not an object ID File: D:/EE/EE314/Project/QuartusProjectFiles/SaleTerminal.sdc Line: 73
Warning (332174): Ignored filter at SaleTerminal.sdc(74): DRAM_BA* could not be matched with a port File: D:/EE/EE314/Project/QuartusProjectFiles/SaleTerminal.sdc Line: 74
Warning (332049): Ignored set_output_delay at SaleTerminal.sdc(74): Argument <targets> is an empty collection File: D:/EE/EE314/Project/QuartusProjectFiles/SaleTerminal.sdc Line: 74
    Info (332050): set_output_delay -max -clock clk_dram 1.510  [get_ports DRAM_BA*] File: D:/EE/EE314/Project/QuartusProjectFiles/SaleTerminal.sdc Line: 74
Warning (332049): Ignored set_output_delay at SaleTerminal.sdc(74): Argument -clock is not an object ID File: D:/EE/EE314/Project/QuartusProjectFiles/SaleTerminal.sdc Line: 74
Warning (332049): Ignored set_output_delay at SaleTerminal.sdc(75): Argument <targets> is an empty collection File: D:/EE/EE314/Project/QuartusProjectFiles/SaleTerminal.sdc Line: 75
    Info (332050): set_output_delay -min -clock clk_dram -0.800 [get_ports DRAM_BA*] File: D:/EE/EE314/Project/QuartusProjectFiles/SaleTerminal.sdc Line: 75
Warning (332049): Ignored set_output_delay at SaleTerminal.sdc(75): Argument -clock is not an object ID File: D:/EE/EE314/Project/QuartusProjectFiles/SaleTerminal.sdc Line: 75
Warning (332174): Ignored filter at SaleTerminal.sdc(76): DRAM_RAS_N could not be matched with a port File: D:/EE/EE314/Project/QuartusProjectFiles/SaleTerminal.sdc Line: 76
Warning (332049): Ignored set_output_delay at SaleTerminal.sdc(76): Argument <targets> is an empty collection File: D:/EE/EE314/Project/QuartusProjectFiles/SaleTerminal.sdc Line: 76
    Info (332050): set_output_delay -max -clock clk_dram 1.520  [get_ports DRAM_RAS_N] File: D:/EE/EE314/Project/QuartusProjectFiles/SaleTerminal.sdc Line: 76
Warning (332049): Ignored set_output_delay at SaleTerminal.sdc(76): Argument -clock is not an object ID File: D:/EE/EE314/Project/QuartusProjectFiles/SaleTerminal.sdc Line: 76
Warning (332049): Ignored set_output_delay at SaleTerminal.sdc(77): Argument <targets> is an empty collection File: D:/EE/EE314/Project/QuartusProjectFiles/SaleTerminal.sdc Line: 77
    Info (332050): set_output_delay -min -clock clk_dram -0.780 [get_ports DRAM_RAS_N] File: D:/EE/EE314/Project/QuartusProjectFiles/SaleTerminal.sdc Line: 77
Warning (332049): Ignored set_output_delay at SaleTerminal.sdc(77): Argument -clock is not an object ID File: D:/EE/EE314/Project/QuartusProjectFiles/SaleTerminal.sdc Line: 77
Warning (332174): Ignored filter at SaleTerminal.sdc(78): DRAM_CAS_N could not be matched with a port File: D:/EE/EE314/Project/QuartusProjectFiles/SaleTerminal.sdc Line: 78
Warning (332049): Ignored set_output_delay at SaleTerminal.sdc(78): Argument <targets> is an empty collection File: D:/EE/EE314/Project/QuartusProjectFiles/SaleTerminal.sdc Line: 78
    Info (332050): set_output_delay -max -clock clk_dram 1.5000  [get_ports DRAM_CAS_N] File: D:/EE/EE314/Project/QuartusProjectFiles/SaleTerminal.sdc Line: 78
Warning (332049): Ignored set_output_delay at SaleTerminal.sdc(78): Argument -clock is not an object ID File: D:/EE/EE314/Project/QuartusProjectFiles/SaleTerminal.sdc Line: 78
Warning (332049): Ignored set_output_delay at SaleTerminal.sdc(79): Argument <targets> is an empty collection File: D:/EE/EE314/Project/QuartusProjectFiles/SaleTerminal.sdc Line: 79
    Info (332050): set_output_delay -min -clock clk_dram -0.800 [get_ports DRAM_CAS_N] File: D:/EE/EE314/Project/QuartusProjectFiles/SaleTerminal.sdc Line: 79
Warning (332049): Ignored set_output_delay at SaleTerminal.sdc(79): Argument -clock is not an object ID File: D:/EE/EE314/Project/QuartusProjectFiles/SaleTerminal.sdc Line: 79
Warning (332174): Ignored filter at SaleTerminal.sdc(80): DRAM_WE_N could not be matched with a port File: D:/EE/EE314/Project/QuartusProjectFiles/SaleTerminal.sdc Line: 80
Warning (332049): Ignored set_output_delay at SaleTerminal.sdc(80): Argument <targets> is an empty collection File: D:/EE/EE314/Project/QuartusProjectFiles/SaleTerminal.sdc Line: 80
    Info (332050): set_output_delay -max -clock clk_dram 1.545 [get_ports DRAM_WE_N] File: D:/EE/EE314/Project/QuartusProjectFiles/SaleTerminal.sdc Line: 80
Warning (332049): Ignored set_output_delay at SaleTerminal.sdc(80): Argument -clock is not an object ID File: D:/EE/EE314/Project/QuartusProjectFiles/SaleTerminal.sdc Line: 80
Warning (332049): Ignored set_output_delay at SaleTerminal.sdc(81): Argument <targets> is an empty collection File: D:/EE/EE314/Project/QuartusProjectFiles/SaleTerminal.sdc Line: 81
    Info (332050): set_output_delay -min -clock clk_dram -0.755 [get_ports DRAM_WE_N] File: D:/EE/EE314/Project/QuartusProjectFiles/SaleTerminal.sdc Line: 81
Warning (332049): Ignored set_output_delay at SaleTerminal.sdc(81): Argument -clock is not an object ID File: D:/EE/EE314/Project/QuartusProjectFiles/SaleTerminal.sdc Line: 81
Warning (332174): Ignored filter at SaleTerminal.sdc(82): DRAM_CKE could not be matched with a port File: D:/EE/EE314/Project/QuartusProjectFiles/SaleTerminal.sdc Line: 82
Warning (332049): Ignored set_output_delay at SaleTerminal.sdc(82): Argument <targets> is an empty collection File: D:/EE/EE314/Project/QuartusProjectFiles/SaleTerminal.sdc Line: 82
    Info (332050): set_output_delay -max -clock clk_dram 1.496  [get_ports DRAM_CKE] File: D:/EE/EE314/Project/QuartusProjectFiles/SaleTerminal.sdc Line: 82
Warning (332049): Ignored set_output_delay at SaleTerminal.sdc(82): Argument -clock is not an object ID File: D:/EE/EE314/Project/QuartusProjectFiles/SaleTerminal.sdc Line: 82
Warning (332049): Ignored set_output_delay at SaleTerminal.sdc(83): Argument <targets> is an empty collection File: D:/EE/EE314/Project/QuartusProjectFiles/SaleTerminal.sdc Line: 83
    Info (332050): set_output_delay -min -clock clk_dram -0.804 [get_ports DRAM_CKE] File: D:/EE/EE314/Project/QuartusProjectFiles/SaleTerminal.sdc Line: 83
Warning (332049): Ignored set_output_delay at SaleTerminal.sdc(83): Argument -clock is not an object ID File: D:/EE/EE314/Project/QuartusProjectFiles/SaleTerminal.sdc Line: 83
Warning (332174): Ignored filter at SaleTerminal.sdc(84): DRAM_CS_N could not be matched with a port File: D:/EE/EE314/Project/QuartusProjectFiles/SaleTerminal.sdc Line: 84
Warning (332049): Ignored set_output_delay at SaleTerminal.sdc(84): Argument <targets> is an empty collection File: D:/EE/EE314/Project/QuartusProjectFiles/SaleTerminal.sdc Line: 84
    Info (332050): set_output_delay -max -clock clk_dram 1.508  [get_ports DRAM_CS_N] File: D:/EE/EE314/Project/QuartusProjectFiles/SaleTerminal.sdc Line: 84
Warning (332049): Ignored set_output_delay at SaleTerminal.sdc(84): Argument -clock is not an object ID File: D:/EE/EE314/Project/QuartusProjectFiles/SaleTerminal.sdc Line: 84
Warning (332049): Ignored set_output_delay at SaleTerminal.sdc(85): Argument <targets> is an empty collection File: D:/EE/EE314/Project/QuartusProjectFiles/SaleTerminal.sdc Line: 85
    Info (332050): set_output_delay -min -clock clk_dram -0.792 [get_ports DRAM_CS_N] File: D:/EE/EE314/Project/QuartusProjectFiles/SaleTerminal.sdc Line: 85
Warning (332049): Ignored set_output_delay at SaleTerminal.sdc(85): Argument -clock is not an object ID File: D:/EE/EE314/Project/QuartusProjectFiles/SaleTerminal.sdc Line: 85
Warning (332174): Ignored filter at SaleTerminal.sdc(87): CLK_VGA could not be matched with a clock File: D:/EE/EE314/Project/QuartusProjectFiles/SaleTerminal.sdc Line: 87
Warning (332049): Ignored set_output_delay at SaleTerminal.sdc(87): Argument -clock is not an object ID File: D:/EE/EE314/Project/QuartusProjectFiles/SaleTerminal.sdc Line: 87
    Info (332050): set_output_delay -max -clock CLK_VGA 0.220 [get_ports VGA_R*] File: D:/EE/EE314/Project/QuartusProjectFiles/SaleTerminal.sdc Line: 87
Warning (332049): Ignored set_output_delay at SaleTerminal.sdc(88): Argument -clock is not an object ID File: D:/EE/EE314/Project/QuartusProjectFiles/SaleTerminal.sdc Line: 88
    Info (332050): set_output_delay -min -clock CLK_VGA -1.506 [get_ports VGA_R*] File: D:/EE/EE314/Project/QuartusProjectFiles/SaleTerminal.sdc Line: 88
Warning (332049): Ignored set_output_delay at SaleTerminal.sdc(89): Argument -clock is not an object ID File: D:/EE/EE314/Project/QuartusProjectFiles/SaleTerminal.sdc Line: 89
    Info (332050): set_output_delay -max -clock CLK_VGA 0.212 [get_ports VGA_G*] File: D:/EE/EE314/Project/QuartusProjectFiles/SaleTerminal.sdc Line: 89
Warning (332049): Ignored set_output_delay at SaleTerminal.sdc(90): Argument -clock is not an object ID File: D:/EE/EE314/Project/QuartusProjectFiles/SaleTerminal.sdc Line: 90
    Info (332050): set_output_delay -min -clock CLK_VGA -1.519 [get_ports VGA_G*] File: D:/EE/EE314/Project/QuartusProjectFiles/SaleTerminal.sdc Line: 90
Warning (332049): Ignored set_output_delay at SaleTerminal.sdc(91): Argument -clock is not an object ID File: D:/EE/EE314/Project/QuartusProjectFiles/SaleTerminal.sdc Line: 91
    Info (332050): set_output_delay -max -clock CLK_VGA 0.264 [get_ports VGA_B*] File: D:/EE/EE314/Project/QuartusProjectFiles/SaleTerminal.sdc Line: 91
Warning (332049): Ignored set_output_delay at SaleTerminal.sdc(92): Argument -clock is not an object ID File: D:/EE/EE314/Project/QuartusProjectFiles/SaleTerminal.sdc Line: 92
    Info (332050): set_output_delay -min -clock CLK_VGA -1.519 [get_ports VGA_B*] File: D:/EE/EE314/Project/QuartusProjectFiles/SaleTerminal.sdc Line: 92
Warning (332174): Ignored filter at SaleTerminal.sdc(93): VGA_BLANK could not be matched with a port File: D:/EE/EE314/Project/QuartusProjectFiles/SaleTerminal.sdc Line: 93
Warning (332049): Ignored set_output_delay at SaleTerminal.sdc(93): Argument <targets> is an empty collection File: D:/EE/EE314/Project/QuartusProjectFiles/SaleTerminal.sdc Line: 93
    Info (332050): set_output_delay -max -clock CLK_VGA 0.215 [get_ports VGA_BLANK] File: D:/EE/EE314/Project/QuartusProjectFiles/SaleTerminal.sdc Line: 93
Warning (332049): Ignored set_output_delay at SaleTerminal.sdc(93): Argument -clock is not an object ID File: D:/EE/EE314/Project/QuartusProjectFiles/SaleTerminal.sdc Line: 93
Warning (332049): Ignored set_output_delay at SaleTerminal.sdc(94): Argument <targets> is an empty collection File: D:/EE/EE314/Project/QuartusProjectFiles/SaleTerminal.sdc Line: 94
    Info (332050): set_output_delay -min -clock CLK_VGA -1.485 [get_ports VGA_BLANK] File: D:/EE/EE314/Project/QuartusProjectFiles/SaleTerminal.sdc Line: 94
Warning (332049): Ignored set_output_delay at SaleTerminal.sdc(94): Argument -clock is not an object ID File: D:/EE/EE314/Project/QuartusProjectFiles/SaleTerminal.sdc Line: 94
Info (332097): The following timing edges are non-unate.  The Timing Analyzer will assume pos-unate behavior for these edges in the clock network.
    Info (332098): Cell: VGA_PLL_inst0|vga_pll_inst|altera_pll_i|general[0].gpll~FRACTIONAL_PLL  from: refclkin  to: fbclk
    Info (332098): Cell: VGA_PLL_inst0|vga_pll_inst|altera_pll_i|general[0].gpll~PLL_OUTPUT_COUNTER  from: vco0ph[0]  to: divclk
    Info (332098): Cell: VGA_PLL_inst0|vga_pll_inst|altera_pll_i|general[0].gpll~PLL_REFCLK_SELECT  from: clkin[0]  to: clkout
Info (332123): Deriving Clock Uncertainty. Please refer to report_sdc in the Timing Analyzer to see clock uncertainties.
Info (308046): (Information) Rule T101: Nodes with more than the specified number of fan-outs. (Value defined:30). Found 19 node(s) with highest fan-out.
    Info (308011): Node  "VGA_PLL:VGA_PLL_inst0|VGA_PLL_0002:vga_pll_inst|altera_pll:altera_pll_i|outclk_wire[0]~CLKENA0" File: c:/intelfpga_lite/20.1/quartus/libraries/megafunctions/altera_pll.v Line: 414
    Info (308011): Node  "HVSync_Generator:HVSync_Generator_inst0|inDisplayArea" File: D:/EE/EE314/Project/QuartusProjectFiles/HVSync_Generator.v Line: 9
    Info (308011): Node  "targetPixelAddr[0]" File: D:/EE/EE314/Project/QuartusProjectFiles/VGA_Controller.v Line: 51
    Info (308011): Node  "targetPixelAddr[6]" File: D:/EE/EE314/Project/QuartusProjectFiles/VGA_Controller.v Line: 51
    Info (308011): Node  "targetPixelAddr[11]~DUPLICATE" File: D:/EE/EE314/Project/QuartusProjectFiles/VGA_Controller.v Line: 51
    Info (308011): Node  "targetPixelAddr[3]" File: D:/EE/EE314/Project/QuartusProjectFiles/VGA_Controller.v Line: 51
    Info (308011): Node  "targetPixelAddr[8]" File: D:/EE/EE314/Project/QuartusProjectFiles/VGA_Controller.v Line: 51
    Info (308011): Node  "targetPixelAddr[2]" File: D:/EE/EE314/Project/QuartusProjectFiles/VGA_Controller.v Line: 51
    Info (308011): Node  "targetPixelAddr[9]" File: D:/EE/EE314/Project/QuartusProjectFiles/VGA_Controller.v Line: 51
    Info (308011): Node  "targetPixelAddr[1]" File: D:/EE/EE314/Project/QuartusProjectFiles/VGA_Controller.v Line: 51
    Info (308011): Node  "targetPixelAddr[7]" File: D:/EE/EE314/Project/QuartusProjectFiles/VGA_Controller.v Line: 51
    Info (308011): Node  "targetPixelAddr[4]" File: D:/EE/EE314/Project/QuartusProjectFiles/VGA_Controller.v Line: 51
    Info (308011): Node  "targetPixelAddr[10]" File: D:/EE/EE314/Project/QuartusProjectFiles/VGA_Controller.v Line: 51
    Info (308011): Node  "targetPixelAddr[5]" File: D:/EE/EE314/Project/QuartusProjectFiles/VGA_Controller.v Line: 51
    Info (308011): Node  "targetPixelAddr[12]" File: D:/EE/EE314/Project/QuartusProjectFiles/VGA_Controller.v Line: 51
    Info (308011): Node  "targetPixelAddr[11]" File: D:/EE/EE314/Project/QuartusProjectFiles/VGA_Controller.v Line: 51
    Info (308011): Node  "ImageROM:ImageROM_inst0|altsyncram:altsyncram_component|altsyncram_s3i1:auto_generated|out_address_reg_a[0]" File: D:/EE/EE314/Project/QuartusProjectFiles/db/altsyncram_s3i1.tdf Line: 40
    Info (308011): Node  "ImageROM:ImageROM_inst0|altsyncram:altsyncram_component|altsyncram_s3i1:auto_generated|out_address_reg_a[1]" File: D:/EE/EE314/Project/QuartusProjectFiles/db/altsyncram_s3i1.tdf Line: 40
    Info (308011): Node  "ImageROM:ImageROM_inst0|altsyncram:altsyncram_component|altsyncram_s3i1:auto_generated|out_address_reg_a[2]~DUPLICATE" File: D:/EE/EE314/Project/QuartusProjectFiles/db/altsyncram_s3i1.tdf Line: 40
Info (308044): (Information) Rule T102: Top nodes with the highest number of fan-outs. (Value defined:50). Found 50 node(s) with highest fan-out.
    Info (308011): Node  "VGA_PLL:VGA_PLL_inst0|VGA_PLL_0002:vga_pll_inst|altera_pll:altera_pll_i|outclk_wire[0]~CLKENA0" File: c:/intelfpga_lite/20.1/quartus/libraries/megafunctions/altera_pll.v Line: 414
    Info (308011): Node  "targetPixelAddr[1]" File: D:/EE/EE314/Project/QuartusProjectFiles/VGA_Controller.v Line: 51
    Info (308011): Node  "targetPixelAddr[6]" File: D:/EE/EE314/Project/QuartusProjectFiles/VGA_Controller.v Line: 51
    Info (308011): Node  "targetPixelAddr[5]" File: D:/EE/EE314/Project/QuartusProjectFiles/VGA_Controller.v Line: 51
    Info (308011): Node  "targetPixelAddr[0]" File: D:/EE/EE314/Project/QuartusProjectFiles/VGA_Controller.v Line: 51
    Info (308011): Node  "targetPixelAddr[4]" File: D:/EE/EE314/Project/QuartusProjectFiles/VGA_Controller.v Line: 51
    Info (308011): Node  "targetPixelAddr[8]" File: D:/EE/EE314/Project/QuartusProjectFiles/VGA_Controller.v Line: 51
    Info (308011): Node  "targetPixelAddr[10]" File: D:/EE/EE314/Project/QuartusProjectFiles/VGA_Controller.v Line: 51
    Info (308011): Node  "targetPixelAddr[12]" File: D:/EE/EE314/Project/QuartusProjectFiles/VGA_Controller.v Line: 51
    Info (308011): Node  "targetPixelAddr[2]" File: D:/EE/EE314/Project/QuartusProjectFiles/VGA_Controller.v Line: 51
    Info (308011): Node  "targetPixelAddr[9]" File: D:/EE/EE314/Project/QuartusProjectFiles/VGA_Controller.v Line: 51
    Info (308011): Node  "targetPixelAddr[7]" File: D:/EE/EE314/Project/QuartusProjectFiles/VGA_Controller.v Line: 51
    Info (308011): Node  "targetPixelAddr[3]" File: D:/EE/EE314/Project/QuartusProjectFiles/VGA_Controller.v Line: 51
    Info (308011): Node  "targetPixelAddr[11]" File: D:/EE/EE314/Project/QuartusProjectFiles/VGA_Controller.v Line: 51
    Info (308011): Node  "ImageROM:ImageROM_inst0|altsyncram:altsyncram_component|altsyncram_s3i1:auto_generated|out_address_reg_a[1]" File: D:/EE/EE314/Project/QuartusProjectFiles/db/altsyncram_s3i1.tdf Line: 40
    Info (308011): Node  "ImageROM:ImageROM_inst0|altsyncram:altsyncram_component|altsyncram_s3i1:auto_generated|out_address_reg_a[0]" File: D:/EE/EE314/Project/QuartusProjectFiles/db/altsyncram_s3i1.tdf Line: 40
    Info (308011): Node  "targetPixelAddr[11]~DUPLICATE" File: D:/EE/EE314/Project/QuartusProjectFiles/VGA_Controller.v Line: 51
    Info (308011): Node  "ImageROM:ImageROM_inst0|altsyncram:altsyncram_component|altsyncram_s3i1:auto_generated|out_address_reg_a[2]~DUPLICATE" File: D:/EE/EE314/Project/QuartusProjectFiles/db/altsyncram_s3i1.tdf Line: 40
    Info (308011): Node  "HVSync_Generator:HVSync_Generator_inst0|inDisplayArea" File: D:/EE/EE314/Project/QuartusProjectFiles/HVSync_Generator.v Line: 9
    Info (308011): Node  "ImageROM:ImageROM_inst0|altsyncram:altsyncram_component|altsyncram_s3i1:auto_generated|out_address_reg_a[3]" File: D:/EE/EE314/Project/QuartusProjectFiles/db/altsyncram_s3i1.tdf Line: 40
    Info (308011): Node  "ImageROM:ImageROM_inst0|altsyncram:altsyncram_component|altsyncram_s3i1:auto_generated|decode_l2a:rden_decode|w_anode1526w[3]~0" File: D:/EE/EE314/Project/QuartusProjectFiles/db/decode_l2a.tdf Line: 39
    Info (308011): Node  "ImageROM:ImageROM_inst0|altsyncram:altsyncram_component|altsyncram_s3i1:auto_generated|decode_l2a:rden_decode|w_anode1496w[3]~0" File: D:/EE/EE314/Project/QuartusProjectFiles/db/decode_l2a.tdf Line: 36
    Info (308011): Node  "ImageROM:ImageROM_inst0|altsyncram:altsyncram_component|altsyncram_s3i1:auto_generated|decode_l2a:rden_decode|w_anode1617w[3]~0" File: D:/EE/EE314/Project/QuartusProjectFiles/db/decode_l2a.tdf Line: 48
    Info (308011): Node  "ImageROM:ImageROM_inst0|altsyncram:altsyncram_component|altsyncram_s3i1:auto_generated|decode_l2a:rden_decode|w_anode1597w[3]~0" File: D:/EE/EE314/Project/QuartusProjectFiles/db/decode_l2a.tdf Line: 46
    Info (308011): Node  "ImageROM:ImageROM_inst0|altsyncram:altsyncram_component|altsyncram_s3i1:auto_generated|decode_l2a:rden_decode|w_anode1577w[3]~0" File: D:/EE/EE314/Project/QuartusProjectFiles/db/decode_l2a.tdf Line: 44
    Info (308011): Node  "ImageROM:ImageROM_inst0|altsyncram:altsyncram_component|altsyncram_s3i1:auto_generated|decode_l2a:rden_decode|w_anode1587w[3]~0" File: D:/EE/EE314/Project/QuartusProjectFiles/db/decode_l2a.tdf Line: 45
    Info (308011): Node  "ImageROM:ImageROM_inst0|altsyncram:altsyncram_component|altsyncram_s3i1:auto_generated|decode_l2a:rden_decode|w_anode1566w[3]~0" File: D:/EE/EE314/Project/QuartusProjectFiles/db/decode_l2a.tdf Line: 43
    Info (308011): Node  "ImageROM:ImageROM_inst0|altsyncram:altsyncram_component|altsyncram_s3i1:auto_generated|decode_l2a:rden_decode|w_anode1627w[3]~0" File: D:/EE/EE314/Project/QuartusProjectFiles/db/decode_l2a.tdf Line: 49
    Info (308011): Node  "ImageROM:ImageROM_inst0|altsyncram:altsyncram_component|altsyncram_s3i1:auto_generated|decode_l2a:rden_decode|w_anode1516w[3]~0" File: D:/EE/EE314/Project/QuartusProjectFiles/db/decode_l2a.tdf Line: 38
    Info (308011): Node  "ImageROM:ImageROM_inst0|altsyncram:altsyncram_component|altsyncram_s3i1:auto_generated|decode_l2a:rden_decode|w_anode1479w[3]" File: D:/EE/EE314/Project/QuartusProjectFiles/db/decode_l2a.tdf Line: 35
    Info (308002): Truncated list of Design Assistant messages to 30 messages. Go to sections under Design Assistant section of Compilation Report for complete lists of Design Assistant messages generated.
Info (308007): Design Assistant information: finished post-fitting analysis of current design -- generated 69 information messages and 0 warning messages
Info: Quartus Prime Design Assistant was successful. 0 errors, 91 warnings
    Info: Peak virtual memory: 4769 megabytes
    Info: Processing ended: Wed Jun 09 00:19:02 2021
    Info: Elapsed time: 00:00:02
    Info: Total CPU time (on all processors): 00:00:02


