Info: Starting: Create simulation model
Info: qsys-generate D:\EE\EE314\Project\QuartusProjectFiles\FP_MULT.qsys --simulation=VERILOG --allow-mixed-language-simulation --output-directory=D:\EE\EE314\Project\QuartusProjectFiles\FP_MULT\simulation --family="Cyclone V" --part=5CSEMA5F31C6
Progress: Loading QuartusProjectFiles/FP_MULT.qsys
Progress: Reading input file
Progress: Adding nios_custom_instr_floating_point_2_combi_0 [altera_nios_custom_instr_floating_point_2_combi 20.1]
Progress: Parameterizing module nios_custom_instr_floating_point_2_combi_0
Progress: Building connections
Progress: Parameterizing connections
Progress: Validating
Progress: Done reading input file
Info: FP_MULT: Generating FP_MULT "FP_MULT" for SIM_VERILOG
Info: nios_custom_instr_floating_point_2_combi_0: "FP_MULT" instantiated altera_nios_custom_instr_floating_point_2_combi "nios_custom_instr_floating_point_2_combi_0"
Info: FP_MULT: Done "FP_MULT" with 2 modules, 6 files
Info: qsys-generate succeeded.
Info: Finished: Create simulation model
Info: Starting: Create Modelsim Project.
Info: sim-script-gen --spd=D:\EE\EE314\Project\QuartusProjectFiles\FP_MULT\FP_MULT.spd --output-directory=D:/EE/EE314/Project/QuartusProjectFiles/FP_MULT/simulation/ --use-relative-paths=true
Info: Doing: ip-make-simscript --spd=D:\EE\EE314\Project\QuartusProjectFiles\FP_MULT\FP_MULT.spd --output-directory=D:/EE/EE314/Project/QuartusProjectFiles/FP_MULT/simulation/ --use-relative-paths=true
Info: Generating the following file(s) for MODELSIM simulator in D:/EE/EE314/Project/QuartusProjectFiles/FP_MULT/simulation/ directory:
Info: 	mentor/msim_setup.tcl
Info: Skipping VCS script generation since VHDL file $QUARTUS_INSTALL_DIR/eda/sim_lib/altera_syn_attributes.vhd is required for simulation
Info: Generating the following file(s) for VCSMX simulator in D:/EE/EE314/Project/QuartusProjectFiles/FP_MULT/simulation/ directory:
Info: 	synopsys/vcsmx/synopsys_sim.setup
Info: 	synopsys/vcsmx/vcsmx_setup.sh
Info: Generating the following file(s) for NCSIM simulator in D:/EE/EE314/Project/QuartusProjectFiles/FP_MULT/simulation/ directory:
Info: 	cadence/cds.lib
Info: 	cadence/hdl.var
Info: 	cadence/ncsim_setup.sh
Info: 	1 .cds.lib files in cadence/cds_libs/ directory
Info: Generating the following file(s) for RIVIERA simulator in D:/EE/EE314/Project/QuartusProjectFiles/FP_MULT/simulation/ directory:
Info: 	aldec/rivierapro_setup.tcl
Info: For information on how to simulate your IP, see the explanatory comments in the simulator-specific subdirectories under D:/EE/EE314/Project/QuartusProjectFiles/FP_MULT/simulation/.
Info: Regenerate these scripts whenever you make any change to any Quartus-generated IP in your project.
Info: Finished: Create Modelsim Project.
Info: Starting: Create block symbol file (.bsf)
Info: qsys-generate D:\EE\EE314\Project\QuartusProjectFiles\FP_MULT.qsys --block-symbol-file --output-directory=D:\EE\EE314\Project\QuartusProjectFiles\FP_MULT --family="Cyclone V" --part=5CSEMA5F31C6
Progress: Loading QuartusProjectFiles/FP_MULT.qsys
Progress: Reading input file
Progress: Adding nios_custom_instr_floating_point_2_combi_0 [altera_nios_custom_instr_floating_point_2_combi 20.1]
Progress: Parameterizing module nios_custom_instr_floating_point_2_combi_0
Progress: Building connections
Progress: Parameterizing connections
Progress: Validating
Progress: Done reading input file
Info: qsys-generate succeeded.
Info: Finished: Create block symbol file (.bsf)
Info: 
Info: Starting: Create HDL design files for synthesis
Info: qsys-generate D:\EE\EE314\Project\QuartusProjectFiles\FP_MULT.qsys --synthesis=VERILOG --greybox --output-directory=D:\EE\EE314\Project\QuartusProjectFiles\FP_MULT\synthesis --family="Cyclone V" --part=5CSEMA5F31C6
Progress: Loading QuartusProjectFiles/FP_MULT.qsys
Progress: Reading input file
Progress: Adding nios_custom_instr_floating_point_2_combi_0 [altera_nios_custom_instr_floating_point_2_combi 20.1]
Progress: Parameterizing module nios_custom_instr_floating_point_2_combi_0
Progress: Building connections
Progress: Parameterizing connections
Progress: Validating
Progress: Done reading input file
Info: FP_MULT: Generating FP_MULT "FP_MULT" for QUARTUS_SYNTH
Info: nios_custom_instr_floating_point_2_combi_0: "FP_MULT" instantiated altera_nios_custom_instr_floating_point_2_combi "nios_custom_instr_floating_point_2_combi_0"
Info: FP_MULT: Done "FP_MULT" with 2 modules, 6 files
Info: Generating third-party timing and resource estimation model ...
Info: Done generating third-party timing and resource estimation model.
Info: qsys-generate succeeded.
Info: Finished: Create HDL design files for synthesis
